# Unkown devices will be named with the respective MAC address (00-xx-00-xx-00-xx)
001 03 0952 SEP 7C:64:56:3B:2A:47 [TV] Samsung 6 Series (55)
001 03 0953 SEP E8:F4:08:DB:2B:39 MSI
001 03 1000 SEP 7C:64:56:3B:2A:47 [TV] Samsung 6 Series (55)
002 03 1001 SEP E8:F4:08:DB:2B:39 MSI
001 03 1003 SEP 7C:64:56:3B:2A:47 [TV] Samsung 6 Series (55)
002 03 1003 SEP E8:F4:08:DB:2B:39 MSI
001 03 1013 SEP 7C:64:56:3B:2A:47 [TV] Samsung 6 Series (55)
002 03 1013 SEP E8:F4:08:DB:2B:39 MSI
001 03 1024 SEP E8:F4:08:DB:2B:39 MSI
002 03 1024 SEP 7C:64:56:3B:2A:47 [TV] Samsung 6 Series (55)
003 03 1024 SEP 17:BF:E4:3A:20:C7 17-BF-E4-3A-20-C7
004 03 1024 SEP 5E:58:67:CF:05:F4 5E-58-67-CF-05-F4
005 03 1024 SEP 16:D2:9E:C2:5A:79 16-D2-9E-C2-5A-79
001 03 1051 SEP 7C:64:56:3B:2A:47 [TV] Samsung 6 Series (55)
002 03 1051 SEP 0A:9A:8E:AB:6D:C9 0A-9A-8E-AB-6D-C9
003 03 1051 SEP 2A:7D:AD:2C:83:F5 2A-7D-AD-2C-83-F5
004 03 1051 SEP 00:00:00:34:33:33 VHM-ble
005 03 1051 SEP 60:A3:0C:82:AB:6E 60-A3-0C-82-AB-6E
006 03 1051 SEP 49:50:E7:CB:C6:F3 49-50-E7-CB-C6-F3
001 03 1106 SEP 7C:64:56:3B:2A:47 [TV] Samsung 6 Series (55)
007 03 1106 SEP 34:AA:7C:63:F1:69 34-AA-7C-63-F1-69
004 03 1106 SEP 00:00:00:34:33:33 VHM-ble
008 03 1106 SEP 15:86:48:94:42:BB 15-86-48-94-42-BB
009 03 1106 SEP 6A:0F:C1:AD:7A:37 6A-0F-C1-AD-7A-37
010 03 1106 SEP 44:FE:5C:EB:0E:E3 44-FE-5C-EB-0E-E3
001 03 1121 SEP 7C:64:56:3B:2A:47 [TV] Samsung 6 Series (55)
011 03 1121 SEP 1F:A2:48:41:25:20 1F-A2-48-41-25-20
012 03 1121 SEP 01:E6:B5:5B:63:11 01-E6-B5-5B-63-11
004 03 1121 SEP 00:00:00:34:33:33 VHM-ble
009 03 1121 SEP 6A:0F:C1:AD:7A:37 6A-0F-C1-AD-7A-37
013 03 1121 SEP 67:71:71:2B:C5:16 67-71-71-2B-C5-16
001 03 1136 SEP 7C:64:56:3B:2A:47 [TV] Samsung 6 Series (55)
014 03 1136 SEP 39:AC:E7:87:7C:03 39-AC-E7-87-7C-03
004 03 1136 SEP 00:00:00:34:33:33 VHM-ble
015 03 1136 SEP 06:A5:BB:B8:39:F6 06-A5-BB-B8-39-F6
016 03 1136 SEP 44:8C:FF:C1:8E:7E 44-8C-FF-C1-8E-7E
017 03 1136 SEP 52:9B:00:FF:CB:4E 52-9B-00-FF-CB-4E
001 03 1152 SEP 7C:64:56:3B:2A:47 [TV] Samsung 6 Series (55)
004 03 1152 SEP 00:00:00:34:33:33 VHM-ble
018 03 1152 SEP 08:DB:62:96:4A:22 08-DB-62-96-4A-22
019 03 1152 SEP 11:2E:CC:D9:0D:DF 11-2E-CC-D9-0D-DF
020 03 1152 SEP 55:E9:C0:BF:27:CF 55-E9-C0-BF-27-CF
021 03 1152 SEP 68:4F:AF:C2:58:66 68-4F-AF-C2-58-66
001 03 1207 SEP 7C:64:56:3B:2A:47 [TV] Samsung 6 Series (55)
022 03 1207 SEP 1E:70:16:22:7B:B8 1E-70-16-22-7B-B8
004 03 1207 SEP 00:00:00:34:33:33 VHM-ble
023 03 1207 SEP 51:8B:DC:71:7B:A3 51-8B-DC-71-7B-A3
019 03 1207 SEP 11:2E:CC:D9:0D:DF 11-2E-CC-D9-0D-DF
024 03 1207 SEP 66:42:DB:60:ED:F9 66-42-DB-60-ED-F9
025 03 1207 SEP F1:71:5B:08:B1:89 F1-71-5B-08-B1-89
001 03 1223 SEP 7C:64:56:3B:2A:47 [TV] Samsung 6 Series (55)
004 03 1223 SEP 00:00:00:34:33:33 VHM-ble
023 03 1223 SEP 51:8B:DC:71:7B:A3 51-8B-DC-71-7B-A3
024 03 1223 SEP 66:42:DB:60:ED:F9 66-42-DB-60-ED-F9
026 03 1223 SEP 3A:45:4E:FC:3F:93 3A-45-4E-FC-3F-93
027 03 1223 SEP 0D:FA:CB:8E:80:AA 0D-FA-CB-8E-80-AA
028 03 1223 SEP 23:E7:B5:F2:02:FA 23-E7-B5-F2-02-FA
029 03 1223 SEP F1:04:53:A1:1D:7E F1-04-53-A1-1D-7E
030 03 1238 SEP 07:25:09:A4:00:13 07-25-09-A4-00-13
001 03 1238 SEP 7C:64:56:3B:2A:47 7C-64-56-3B-2A-47
004 03 1238 SEP 00:00:00:34:33:33 VHM-ble
031 03 1238 SEP 0A:B0:17:78:D6:FC 0A-B0-17-78-D6-FC
004 03 1253 SEP 00:00:00:34:33:33 VHM-ble
001 03 1253 SEP 7C:64:56:3B:2A:47 7C-64-56-3B-2A-47
032 03 1253 SEP 1E:0D:26:5F:9F:E8 1E-0D-26-5F-9F-E8
033 03 1253 SEP 0B:DC:78:BA:2C:E2 0B-DC-78-BA-2C-E2
034 03 1253 SEP 74:45:48:DE:C3:25 74-45-48-DE-C3-25
001 03 1308 SEP 7C:64:56:3B:2A:47 7C-64-56-3B-2A-47
004 03 1308 SEP 00:00:00:34:33:33 VHM-ble
035 03 1308 SEP 30:50:EE:81:49:43 30-50-EE-81-49-43
036 03 1308 SEP 02:DA:E6:4D:9A:22 02-DA-E6-4D-9A-22
037 03 1308 SEP 70:5A:4C:25:43:A9 70-5A-4C-25-43-A9
038 03 1324 SEP 3A:CE:26:20:42:75 3A-CE-26-20-42-75
039 03 1324 SEP 0B:46:55:79:CA:58 0B-46-55-79-CA-58
004 03 1324 SEP 00:00:00:34:33:33 VHM-ble
001 03 1324 SEP 7C:64:56:3B:2A:47 7C-64-56-3B-2A-47
040 03 1324 SEP 76:4B:5B:58:55:52 76-4B-5B-58-55-52
004 03 1339 SEP 00:00:00:34:33:33 VHM-ble
001 03 1339 SEP 7C:64:56:3B:2A:47 7C-64-56-3B-2A-47
041 03 1339 SEP 04:1E:C3:71:25:81 04-1E-C3-71-25-81
042 03 1339 SEP 03:F7:12:A9:E7:40 03-F7-12-A9-E7-40
004 03 1354 SEP 00:00:00:34:33:33 VHM-ble
001 03 1354 SEP 7C:64:56:3B:2A:47 7C-64-56-3B-2A-47
043 03 1354 SEP 00:0D:AC:E1:C8:2E 00-0D-AC-E1-C8-2E
044 03 1354 SEP 07:A5:AD:32:04:26 07-A5-AD-32-04-26
045 03 1354 SEP 6F:F4:B0:60:F2:3A 6F-F4-B0-60-F2-3A
046 03 1409 SEP 1F:2A:EC:D2:CD:52 1F-2A-EC-D2-CD-52
001 03 1409 SEP 7C:64:56:3B:2A:47 7C-64-56-3B-2A-47
004 03 1409 SEP 00:00:00:34:33:33 VHM-ble
047 03 1409 SEP 1B:2B:E3:51:96:70 1B-2B-E3-51-96-70
048 03 1409 SEP 41:AC:26:D6:9D:0D 41-AC-26-D6-9D-0D
001 03 1425 SEP 7C:64:56:3B:2A:47 7C-64-56-3B-2A-47
049 03 1425 SEP 05:29:51:38:68:02 05-29-51-38-68-02
050 03 1425 SEP 14:68:20:11:03:07 14-68-20-11-03-07
004 03 1425 SEP 00:00:00:34:33:33 VHM-ble
051 03 1425 SEP 42:73:80:CA:56:59 42-73-80-CA-56-59
052 03 1425 SEP 2A:24:66:36:B1:76 2A-24-66-36-B1-76
053 03 1425 SEP 5D:11:D0:56:97:B1 5D-11-D0-56-97-B1
054 03 1440 SEP 14:D9:B0:AE:BC:AC 14-D9-B0-AE-BC-AC
055 03 1440 SEP 3D:58:65:5B:99:61 3D-58-65-5B-99-61
004 03 1440 SEP 00:00:00:34:33:33 VHM-ble
056 03 1440 SEP 0B:04:8B:8E:53:8D 0B-04-8B-8E-53-8D
001 03 1440 SEP 7C:64:56:3B:2A:47 7C-64-56-3B-2A-47
057 03 1440 SEP 7A:A3:6A:57:90:C4 7A-A3-6A-57-90-C4
058 03 1440 SEP 40:70:75:5A:C1:3D 40-70-75-5A-C1-3D
059 03 1440 SEP 7F:3A:4F:06:BC:DC 7F-3A-4F-06-BC-DC
060 03 1440 SEP CF:D2:14:25:0F:FD CF-D2-14-25-0F-FD
061 03 1455 SEP 12:44:2C:D9:82:7E 12-44-2C-D9-82-7E
004 03 1455 SEP 00:00:00:34:33:33 VHM-ble
001 03 1455 SEP 7C:64:56:3B:2A:47 7C-64-56-3B-2A-47
062 03 1455 SEP 36:DA:A5:A4:AC:1F 36-DA-A5-A4-AC-1F
063 03 1455 SEP 11:50:98:80:A7:17 11-50-98-80-A7-17
004 03 1511 SEP 00:00:00:34:33:33 VHM-ble
064 03 1511 SEP 4D:24:0F:87:33:39 4D-24-0F-87-33-39
001 03 1511 SEP 7C:64:56:3B:2A:47 7C-64-56-3B-2A-47
065 03 1511 SEP 20:6A:F4:D2:D0:EA 20-6A-F4-D2-D0-EA
066 03 1511 SEP 34:8E:AE:FB:71:C9 34-8E-AE-FB-71-C9
067 03 1511 SEP 42:61:CB:4B:C5:9C 42-61-CB-4B-C5-9C
068 03 1511 SEP 35:A7:99:6A:30:5F 35-A7-99-6A-30-5F
069 03 1511 SEP 5B:90:9A:6C:E2:6C 5B-90-9A-6C-E2-6C
001 03 1526 SEP 7C:64:56:3B:2A:47 7C-64-56-3B-2A-47
070 03 1526 SEP 15:3F:4F:20:66:15 15-3F-4F-20-66-15
004 03 1526 SEP 00:00:00:34:33:33 VHM-ble
071 03 1526 SEP 30:C6:62:7B:AE:BE 30-C6-62-7B-AE-BE
072 03 1526 SEP 62:40:14:28:7A:9E 62-40-14-28-7A-9E
001 03 1541 SEP 7C:64:56:3B:2A:47 [TV] Samsung 6 Series (55)
004 03 1541 SEP 00:00:00:34:33:33 VHM-ble
073 03 1541 SEP 2A:13:90:75:0D:90 2A-13-90-75-0D-90
074 03 1541 SEP 57:12:5E:11:14:BD 57-12-5E-11-14-BD
075 03 1541 SEP 14:7B:E3:BA:F9:CA 14-7B-E3-BA-F9-CA
076 03 1541 SEP 09:49:43:B5:46:B1 09-49-43-B5-46-B1
077 03 1541 SEP 45:4C:AF:90:44:A5 45-4C-AF-90-44-A5
001 03 1557 SEP 7C:64:56:3B:2A:47 [TV] Samsung 6 Series (55)
004 03 1557 SEP 00:00:00:34:33:33 VHM-ble
078 03 1557 SEP 0F:FB:09:8F:56:78 0F-FB-09-8F-56-78
079 03 1557 SEP 36:E1:4E:79:18:8E 36-E1-4E-79-18-8E
080 03 1557 SEP 5F:72:F5:CB:30:49 5F-72-F5-CB-30-49
081 03 1557 SEP 1D:8A:1B:DA:DF:51 1D-8A-1B-DA-DF-51
077 03 1557 SEP 45:4C:AF:90:44:A5 45-4C-AF-90-44-A5
001 03 1612 SEP 7C:64:56:3B:2A:47 [TV] Samsung 6 Series (55)
004 03 1612 SEP 00:00:00:34:33:33 VHM-ble
082 03 1612 SEP 07:D7:CB:9F:14:2A 07-D7-CB-9F-14-2A
083 03 1612 SEP 23:E7:55:11:F4:36 23-E7-55-11-F4-36
084 03 1612 SEP 1C:0F:E5:08:09:41 1C-0F-E5-08-09-41
085 03 1612 SEP 6C:03:8D:E8:91:88 6C-03-8D-E8-91-88
086 03 1612 SEP 7B:AA:C9:FC:18:F5 7B-AA-C9-FC-18-F5
001 03 1616 SEP 7C:64:56:3B:2A:47 [TV] Samsung 6 Series (55)
002 03 1616 SEP 23:E7:55:11:F4:36 23-E7-55-11-F4-36
003 03 1616 SEP 33:63:6F:9D:67:22 33-63-6F-9D-67-22
004 03 1616 SEP 07:D7:CB:9F:14:2A 07-D7-CB-9F-14-2A
005 03 1616 SEP 00:00:00:34:33:33 VHM-ble
006 03 1616 SEP 42:B7:C9:80:5A:19 42-B7-C9-80-5A-19
001 04 0956 SEP 7C:64:56:3B:2A:47 [TV] Samsung 6 Series (55)
002 04 0956 SEP 1D:CC:59:18:56:9E 1D-CC-59-18-56-9E
003 04 0956 SEP 00:00:00:34:33:33 VHM-ble
004 04 0956 SEP 2C:63:45:18:9F:8C 2C-63-45-18-9F-8C
005 04 0956 SEP 48:D1:F6:F6:8D:F3 48-D1-F6-F6-8D-F3
006 04 0956 SEP 53:8B:28:2C:00:64 53-8B-28-2C-00-64
001 04 1011 SEP 7C:64:56:3B:2A:47 [TV] Samsung 6 Series (55)
003 04 1011 SEP 00:00:00:34:33:33 VHM-ble
006 04 1011 SEP 53:8B:28:2C:00:64 53-8B-28-2C-00-64
007 04 1011 SEP 26:30:03:5A:51:C7 26-30-03-5A-51-C7
008 04 1011 SEP 20:16:56:E7:F6:7F 20-16-56-E7-F6-7F
009 04 1011 SEP 6C:9A:F1:E0:69:BE 6C-9A-F1-E0-69-BE
010 04 1011 SEP FB:21:DF:21:BC:E3 FB-21-DF-21-BC-E3
001 04 1027 SEP 7C:64:56:3B:2A:47 [TV] Samsung 6 Series (55)
003 04 1027 SEP 00:00:00:34:33:33 VHM-ble
011 04 1027 SEP 09:FD:60:C1:D5:7E 09-FD-60-C1-D5-7E
012 04 1027 SEP 01:69:29:00:31:94 01-69-29-00-31-94
013 04 1027 SEP 51:73:74:2D:79:D3 51-73-74-2D-79-D3
001 04 1042 SEP 7C:64:56:3B:2A:47 [TV] Samsung 6 Series (55)
014 04 1042 SEP 3D:13:E6:4C:94:F4 3D-13-E6-4C-94-F4
003 04 1042 SEP 00:00:00:34:33:33 VHM-ble
015 04 1042 SEP 13:53:A8:4D:95:C0 13-53-A8-4D-95-C0
016 04 1042 SEP 73:47:D5:E4:92:51 73-47-D5-E4-92-51
017 04 1042 SEP 5F:AB:44:27:DA:FB 5F-AB-44-27-DA-FB
018 04 1042 SEP 72:C9:2B:DF:8E:44 72-C9-2B-DF-8E-44
001 04 1057 SEP 7C:64:56:3B:2A:47 [TV] Samsung 6 Series (55)
019 04 1057 SEP 28:C1:82:86:E1:ED 28-C1-82-86-E1-ED
020 04 1057 SEP 64:2B:B0:AF:0B:BC 64-2B-B0-AF-0B-BC
021 04 1057 SEP 21:64:8F:6C:75:19 21-64-8F-6C-75-19
003 04 1057 SEP 00:00:00:34:33:33 VHM-ble
022 04 1057 SEP 51:3F:DC:3C:6A:6E 51-3F-DC-3C-6A-6E
023 04 1112 SEP 55:5B:F5:6E:24:82 55-5B-F5-6E-24-82
024 04 1112 SEP 37:83:6C:D3:20:8E 37-83-6C-D3-20-8E
025 04 1112 SEP 1F:8F:94:DB:8D:16 1F-8F-94-DB-8D-16
001 04 1112 SEP 7C:64:56:3B:2A:47 7C-64-56-3B-2A-47
026 04 1128 SEP 31:43:4D:F3:31:74 31-43-4D-F3-31-74
027 04 1128 SEP 4A:B2:5F:7B:E1:36 4A-B2-5F-7B-E1-36
001 04 1128 SEP 7C:64:56:3B:2A:47 7C-64-56-3B-2A-47
028 04 1128 SEP 2B:14:CB:65:03:2A 2B-14-CB-65-03-2A
029 04 1143 SEP 38:2B:44:5E:33:CB 38-2B-44-5E-33-CB
001 04 1143 SEP 7C:64:56:3B:2A:47 7C-64-56-3B-2A-47
030 04 1143 SEP 60:EA:2A:3F:4A:CD 60-EA-2A-3F-4A-CD
031 04 1143 SEP 21:56:D8:1B:3D:D1 21-56-D8-1B-3D-D1
032 04 1158 SEP 11:D1:15:6B:7C:B2 11-D1-15-6B-7C-B2
001 04 1158 SEP 7C:64:56:3B:2A:47 7C-64-56-3B-2A-47
033 04 1158 SEP 6A:B7:E3:2A:89:25 6A-B7-E3-2A-89-25
034 04 1158 SEP 3B:C1:D7:04:0D:6F 3B-C1-D7-04-0D-6F
035 04 1213 SEP 32:39:CC:27:D7:FE 32-39-CC-27-D7-FE
001 04 1213 SEP 7C:64:56:3B:2A:47 7C-64-56-3B-2A-47
036 04 1213 SEP 57:98:BF:08:12:04 57-98-BF-08-12-04
037 04 1213 SEP 31:05:03:7F:04:E4 31-05-03-7F-04-E4
038 04 1229 SEP 09:E0:D5:71:E1:C3 09-E0-D5-71-E1-C3
039 04 1229 SEP 74:DB:4C:9A:BD:A8 74-DB-4C-9A-BD-A8
001 04 1229 SEP 7C:64:56:3B:2A:47 7C-64-56-3B-2A-47
040 04 1229 SEP 26:A8:BE:34:2C:F6 26-A8-BE-34-2C-F6
041 04 1229 SEP 7C:F8:85:97:EE:76 7C-F8-85-97-EE-76
001 04 1244 SEP 7C:64:56:3B:2A:47 7C-64-56-3B-2A-47
042 04 1244 SEP 23:46:D5:98:92:37 23-46-D5-98-92-37
043 04 1244 SEP 3B:01:74:8A:22:C3 3B-01-74-8A-22-C3
044 04 1244 SEP 42:20:DE:57:F9:09 42-20-DE-57-F9-09
003 04 1244 SEP 00:00:00:34:33:33 VHM-ble
045 04 1244 SEP 72:0D:CA:DB:1D:B2 72-0D-CA-DB-1D-B2
046 04 1259 SEP 34:CD:BE:0E:2E:08 34-CD-BE-0E-2E-08
047 04 1259 SEP 52:BC:54:99:8A:85 52-BC-54-99-8A-85
048 04 1259 SEP 0B:0F:77:72:F1:96 0B-0F-77-72-F1-96
001 04 1259 SEP 7C:64:56:3B:2A:47 7C-64-56-3B-2A-47
003 04 1259 SEP 00:00:00:34:33:33 VHM-ble
049 04 1259 SEP 51:2F:8E:73:74:57 51-2F-8E-73-74-57
001 04 1314 SEP 7C:64:56:3B:2A:47 [TV] Samsung 6 Series (55)
050 04 1314 SEP 62:F9:2E:40:49:9E 62-F9-2E-40-49-9E
051 04 1314 SEP 2F:5B:53:28:24:DA 2F-5B-53-28-24-DA
052 04 1314 SEP 26:EB:43:07:D4:31 26-EB-43-07-D4-31
053 04 1314 SEP 41:9D:E2:C9:9A:02 41-9D-E2-C9-9A-02
047 04 1314 SEP 52:BC:54:99:8A:85 52-BC-54-99-8A-85
054 04 1314 SEP E4:E9:02:E8:6C:25 E4-E9-02-E8-6C-25
003 04 1314 SEP 00:00:00:34:33:33 VHM-ble
001 04 1330 SEP 7C:64:56:3B:2A:47 [TV] Samsung 6 Series (55)
003 04 1330 SEP 00:00:00:34:33:33 VHM-ble
055 04 1330 SEP 13:C2:01:EA:77:17 13-C2-01-EA-77-17
056 04 1330 SEP 63:AC:1D:34:AD:84 63-AC-1D-34-AD-84
057 04 1330 SEP 36:DE:57:D0:48:67 36-DE-57-D0-48-67
053 04 1330 SEP 41:9D:E2:C9:9A:02 41-9D-E2-C9-9A-02
058 04 1330 SEP 73:00:88:62:FC:4C 73-00-88-62-FC-4C
059 04 1330 SEP 59:F8:8E:C9:16:97 59-F8-8E-C9-16-97
001 04 1345 SEP 7C:64:56:3B:2A:47 [TV] Samsung 6 Series (55)
060 04 1345 SEP 0E:61:5D:EF:77:AA 0E-61-5D-EF-77-AA
061 04 1345 SEP 04:E1:04:0E:85:A9 04-E1-04-0E-85-A9
062 04 1345 SEP 78:C3:CB:9A:25:5E 78-C3-CB-9A-25-5E
063 04 1345 SEP 44:FB:3E:AA:AC:C9 44-FB-3E-AA-AC-C9
001 04 1400 SEP 7C:64:56:3B:2A:47 7C-64-56-3B-2A-47
064 04 1400 SEP 31:2B:5B:E0:F8:68 31-2B-5B-E0-F8-68
065 04 1400 SEP 5C:35:6B:A4:46:81 5C-35-6B-A4-46-81
066 04 1415 SEP 13:CC:0B:A3:60:F4 13-CC-0B-A3-60-F4
001 04 1415 SEP 7C:64:56:3B:2A:47 7C-64-56-3B-2A-47
067 04 1431 SEP 2A:EC:03:4B:E7:39 2A-EC-03-4B-E7-39
001 04 1431 SEP 7C:64:56:3B:2A:47 7C-64-56-3B-2A-47
068 04 1431 SEP 5E:D0:4F:92:E3:78 5E-D0-4F-92-E3-78
069 04 1446 SEP 08:F7:28:B0:B1:CE 08-F7-28-B0-B1-CE
001 04 1446 SEP 7C:64:56:3B:2A:47 7C-64-56-3B-2A-47
070 04 1501 SEP 3B:A4:C6:6E:42:39 3B-A4-C6-6E-42-39
001 04 1501 SEP 7C:64:56:3B:2A:47 7C-64-56-3B-2A-47
071 04 1516 SEP 28:20:64:3D:77:A3 28-20-64-3D-77-A3
001 04 1516 SEP 7C:64:56:3B:2A:47 7C-64-56-3B-2A-47
072 04 1532 SEP 29:53:62:95:E6:82 29-53-62-95-E6-82
001 04 1532 SEP 7C:64:56:3B:2A:47 7C-64-56-3B-2A-47
001 04 1547 SEP 7C:64:56:3B:2A:47 7C-64-56-3B-2A-47
073 04 1547 SEP 39:5F:20:D4:46:A1 39-5F-20-D4-46-A1
001 04 1602 SEP 7C:64:56:3B:2A:47 7C-64-56-3B-2A-47
074 04 1602 SEP 0A:90:C3:2E:0F:61 0A-90-C3-2E-0F-61
075 04 1618 SEP 3C:14:7C:75:02:06 3C-14-7C-75-02-06
001 04 1618 SEP 7C:64:56:3B:2A:47 7C-64-56-3B-2A-47
001 04 1633 SEP 7C:64:56:3B:2A:47 7C-64-56-3B-2A-47
076 04 1633 SEP 12:FA:E2:5D:9C:EB 12-FA-E2-5D-9C-EB
077 04 1648 SEP 2C:52:27:ED:E2:37 2C-52-27-ED-E2-37
001 04 1648 SEP 7C:64:56:3B:2A:47 7C-64-56-3B-2A-47
001 04 1703 SEP 7C:64:56:3B:2A:47 7C-64-56-3B-2A-47
078 04 1703 SEP 20:38:A7:74:44:E5 20-38-A7-74-44-E5
001 04 1719 SEP 7C:64:56:3B:2A:47 7C-64-56-3B-2A-47
079 04 1719 SEP 5C:73:1E:2A:F4:E8 5C-73-1E-2A-F4-E8
080 04 1719 SEP 26:F0:36:0D:9D:8C 26-F0-36-0D-9D-8C
081 04 1719 SEP C2:0E:FA:9E:16:81 C2-0E-FA-9E-16-81
082 04 1734 SEP 2D:A4:3D:3E:5B:64 2D-A4-3D-3E-5B-64
001 04 1734 SEP 7C:64:56:3B:2A:47 7C-64-56-3B-2A-47
001 04 1749 SEP 7C:64:56:3B:2A:47 7C-64-56-3B-2A-47
083 04 1749 SEP 31:67:34:CF:D1:FB 31-67-34-CF-D1-FB
084 04 1804 SEP 29:45:66:FE:BC:23 29-45-66-FE-BC-23
001 04 1804 SEP 7C:64:56:3B:2A:47 7C-64-56-3B-2A-47
001 04 1820 SEP 7C:64:56:3B:2A:47 7C-64-56-3B-2A-47
085 04 1820 SEP 3F:AB:EE:9B:2C:1C 3F-AB-EE-9B-2C-1C
001 04 1835 SEP 7C:64:56:3B:2A:47 7C-64-56-3B-2A-47
086 04 1835 SEP 1C:DC:92:42:D8:83 1C-DC-92-42-D8-83
001 04 1850 SEP 7C:64:56:3B:2A:47 7C-64-56-3B-2A-47
087 04 1850 SEP 3A:AF:93:C5:AE:49 3A-AF-93-C5-AE-49
001 04 1905 SEP 7C:64:56:3B:2A:47 7C-64-56-3B-2A-47
088 04 1905 SEP 29:73:7B:D6:CD:FC 29-73-7B-D6-CD-FC
089 04 1921 SEP 28:F6:88:09:E9:21 28-F6-88-09-E9-21
090 04 1921 SEP 22:C4:A5:70:61:9C 22-C4-A5-70-61-9C
001 04 1921 SEP 7C:64:56:3B:2A:47 7C-64-56-3B-2A-47
091 04 1921 SEP 7D:D0:AE:72:22:0D 7D-D0-AE-72-22-0D
092 04 1936 SEP 05:E6:8A:FC:73:D0 05-E6-8A-FC-73-D0
001 04 1936 SEP 7C:64:56:3B:2A:47 7C-64-56-3B-2A-47
093 04 1936 SEP 0E:46:B8:EE:5F:14 0E-46-B8-EE-5F-14
094 04 1936 SEP 5A:9D:92:7D:5F:FD 5A-9D-92-7D-5F-FD
003 04 1936 SEP 00:00:00:34:33:33 VHM-ble
003 04 1951 SEP 00:00:00:34:33:33 VHM-ble
095 04 1951 SEP 26:BE:77:E9:4D:37 26-BE-77-E9-4D-37
001 04 1951 SEP 7C:64:56:3B:2A:47 7C-64-56-3B-2A-47
096 04 1951 SEP 46:28:44:FB:14:2F 46-28-44-FB-14-2F
097 04 1951 SEP 37:49:2E:20:64:10 37-49-2E-20-64-10
098 04 1951 SEP 63:DD:B1:5F:C0:F5 63-DD-B1-5F-C0-F5
001 04 2006 SEP 7C:64:56:3B:2A:47 7C-64-56-3B-2A-47
099 04 2006 SEP 26:E1:88:17:6C:86 26-E1-88-17-6C-86
100 04 2006 SEP 3C:BD:68:88:E5:30 3C-BD-68-88-E5-30
003 04 2006 SEP 00:00:00:34:33:33 VHM-ble
101 04 2006 SEP 4A:30:B0:76:AC:96 4A-30-B0-76-AC-96
102 04 2022 SEP 35:DF:98:84:11:BE 35-DF-98-84-11-BE
003 04 2022 SEP 00:00:00:34:33:33 VHM-ble
001 04 2022 SEP 7C:64:56:3B:2A:47 7C-64-56-3B-2A-47
103 04 2022 SEP 55:8F:5F:51:6D:36 55-8F-5F-51-6D-36
104 04 2022 SEP 17:40:FB:3C:4D:60 17-40-FB-3C-4D-60
105 04 2022 SEP 51:B0:62:88:2A:74 51-B0-62-88-2A-74
106 04 2022 SEP 6A:46:E0:92:40:CE 6A-46-E0-92-40-CE
001 04 2037 SEP 7C:64:56:3B:2A:47 7C-64-56-3B-2A-47
107 04 2037 SEP 3A:34:56:66:30:52 3A-34-56-66-30-52
108 04 2037 SEP 05:2B:98:C2:45:0C 05-2B-98-C2-45-0C
003 04 2037 SEP 00:00:00:34:33:33 VHM-ble
109 04 2037 SEP 42:09:21:04:25:3F 42-09-21-04-25-3F
110 04 2037 SEP 58:B0:51:AA:B1:4C 58-B0-51-AA-B1-4C
001 04 2052 SEP 7C:64:56:3B:2A:47 7C-64-56-3B-2A-47
111 04 2052 SEP 44:59:8C:B4:6A:9A 44-59-8C-B4-6A-9A
112 04 2052 SEP 1F:A9:87:B8:0B:AA 1F-A9-87-B8-0B-AA
113 04 2052 SEP 31:8A:32:32:73:A8 31-8A-32-32-73-A8
003 04 2052 SEP 00:00:00:34:33:33 VHM-ble
001 04 2318 SEP 7C:64:56:3B:2A:47 [TV] Samsung 6 Series (55)
002 04 2318 SEP 68:FC:7C:2A:B4:F0 68-FC-7C-2A-B4-F0
003 04 2318 SEP 4B:16:D9:32:D1:87 4B-16-D9-32-D1-87
004 04 2318 SEP 13:22:97:1A:3F:ED 13-22-97-1A-3F-ED
005 04 2318 SEP 06:42:11:88:0A:72 06-42-11-88-0A-72
006 04 2318 SEP 00:00:00:34:33:33 VHM-ble
