001 13 0838 SEP 00:00:00:33:33:33 VHM-classic
002 13 0838 SEP 7C:64:56:3B:2A:47 [TV] Samsung 6 Series (55)
009 13 0838 SEP 6A:47:90:31:A4:33 6A-47-90-31-A4-33
010 13 0838 SEP 0A:66:71:6A:48:DB 0A-66-71-6A-48-DB
011 13 0838 SEP 73:A8:99:A3:45:14 73-A8-99-A3-45-14
007 13 0838 SEP 00:00:00:34:33:33 VHM-ble
012 13 0838 SEP 07:9C:DA:14:D1:90 07-9C-DA-14-D1-90
013 13 0838 SEP D7:26:96:BD:3F:73 D7-26-96-BD-3F-73
014 13 0838 SEP 39:F3:E1:14:82:C6 39-F3-E1-14-82-C6
001 13 0853 SEP 00:00:00:33:33:33 VHM-classic
002 13 0853 SEP 7C:64:56:3B:2A:47 [TV] Samsung 6 Series (55)
015 13 0853 SEP 07:6B:2E:1D:E7:1B 07-6B-2E-1D-E7-1B
016 13 0853 SEP 20:AD:14:B4:DB:DF 20-AD-14-B4-DB-DF
007 13 0853 SEP 00:00:00:34:33:33 VHM-ble
017 13 0853 SEP 63:3B:7E:AC:D5:E2 63-3B-7E-AC-D5-E2
018 13 0853 SEP 1F:D9:42:2E:97:0A 1F-D9-42-2E-97-0A
019 13 0853 SEP 68:B4:D4:98:99:64 68-B4-D4-98-99-64
001 13 0908 SEP 00:00:00:33:33:33 VHM-classic
002 13 0908 SEP 7C:64:56:3B:2A:47 [TV] Samsung 6 Series (55)
020 13 0908 SEP 35:D7:78:B9:CD:49 35-D7-78-B9-CD-49
021 13 0908 SEP 32:0C:0F:30:90:AF 32-0C-0F-30-90-AF
022 13 0908 SEP 4B:6F:01:9A:BD:96 4B-6F-01-9A-BD-96
023 13 0908 SEP 3B:12:EA:98:FB:A2 3B-12-EA-98-FB-A2
007 13 0908 SEP 00:00:00:34:33:33 VHM-ble
024 13 0908 SEP 5E:6A:FE:CA:BB:57 5E-6A-FE-CA-BB-57
025 13 0908 SEP 4C:45:7D:5E:86:B1 4C-45-7D-5E-86-B1
002 13 0923 SEP 7C:64:56:3B:2A:47 [TV] Samsung 6 Series (55)
001 13 0923 SEP 00:00:00:33:33:33 VHM-classic
026 13 0923 SEP 31:3B:7B:C4:B7:A9 31-3B-7B-C4-B7-A9
027 13 0923 SEP 20:C3:50:B0:53:B7 20-C3-50-B0-53-B7
007 13 0923 SEP 00:00:00:34:33:33 VHM-ble
028 13 0923 SEP 12:3B:58:34:C2:64 12-3B-58-34-C2-64
029 13 0923 SEP 49:8B:15:65:8B:93 49-8B-15-65-8B-93
001 13 0939 SEP 00:00:00:33:33:33 VHM-classic
002 13 0939 SEP 7C:64:56:3B:2A:47 [TV] Samsung 6 Series (55)
030 13 0939 SEP 1B:1C:CB:F5:07:E8 1B-1C-CB-F5-07-E8
007 13 0939 SEP 00:00:00:34:33:33 VHM-ble
031 13 0939 SEP 06:DD:6A:EA:76:E2 06-DD-6A-EA-76-E2
032 13 0939 SEP 2D:0D:5B:93:62:4B 2D-0D-5B-93-62-4B
001 13 0954 SEP 00:00:00:33:33:33 VHM-classic
002 13 0954 SEP 7C:64:56:3B:2A:47 7C-64-56-3B-2A-47
033 13 0954 SEP 1C:2E:E9:45:72:13 1C-2E-E9-45-72-13
034 13 0954 SEP 54:32:A0:32:39:30 54-32-A0-32-39-30
035 13 0954 SEP 08:CD:81:24:28:34 08-CD-81-24-28-34
007 13 0954 SEP 00:00:00:34:33:33 VHM-ble
036 13 0954 SEP 1D:47:AB:B6:FD:0D 1D-47-AB-B6-FD-0D
037 13 0954 SEP 28:38:BA:F2:90:DC 28-38-BA-F2-90-DC
001 13 1009 SEP 00:00:00:33:33:33 VHM-classic
038 13 1009 SEP C1:B8:06:38:7B:A0 LE_WH-1000XM4
002 13 1009 SEP 7C:64:56:3B:2A:47 7C-64-56-3B-2A-47
039 13 1009 SEP 3B:23:53:DF:E0:3B 3B-23-53-DF-E0-3B
040 13 1009 SEP 6E:AF:C4:62:81:CE 6E-AF-C4-62-81-CE
007 13 1009 SEP 00:00:00:34:33:33 VHM-ble
041 13 1009 SEP 44:E9:EB:7A:CB:57 44-E9-EB-7A-CB-57
042 13 1009 SEP 1D:A0:42:A9:2B:25 1D-A0-42-A9-2B-25
001 13 1025 SEP 00:00:00:33:33:33 VHM-classic
043 13 1025 SEP 10:BC:FA:DB:36:15 10-BC-FA-DB-36-15
044 13 1025 SEP 1B:32:8B:3E:84:9E 1B-32-8B-3E-84-9E
002 13 1025 SEP 7C:64:56:3B:2A:47 7C-64-56-3B-2A-47
038 13 1025 SEP C1:B8:06:38:7B:A0 LE_WH-1000XM4
045 13 1025 SEP 52:32:D2:54:EC:78 52-32-D2-54-EC-78
007 13 1025 SEP 00:00:00:34:33:33 VHM-ble
046 13 1025 SEP 0E:A7:CF:0A:96:04 0E-A7-CF-0A-96-04
001 13 1040 SEP 00:00:00:33:33:33 VHM-classic
047 13 1040 SEP 19:DB:17:E8:EB:A1 19-DB-17-E8-EB-A1
002 13 1040 SEP 7C:64:56:3B:2A:47 7C-64-56-3B-2A-47
038 13 1040 SEP C1:B8:06:38:7B:A0 LE_WH-1000XM4
007 13 1040 SEP 00:00:00:34:33:33 VHM-ble
048 13 1040 SEP 25:8A:99:4D:85:BE 25-8A-99-4D-85-BE
049 13 1040 SEP 51:F7:54:03:08:1A smartVehicle158
050 13 1040 SEP 12:69:B8:07:84:FB 12-69-B8-07-84-FB
051 13 1040 SEP 00:9D:69:FD:FE:69 00-9D-69-FD-FE-69
052 13 1040 SEP 67:0C:37:A7:40:DB 67-0C-37-A7-40-DB
